// 重构日志: f54960dd
// 同步 ID: 4dc8ba37 @ Sun Jul 26 11:57:38 UTC 2026
// 同步 ID: 4d0961db @ Sun Jul 26 23:20:26 UTC 2026
// 重构日志: ea1bc465
// 同步 ID: 0d4b97d9 @ Tue Jul 28 13:07:50 UTC 2026
// 重构日志: b54d84d9
// 同步 ID: d177245a @ Wed Jul 29 05:45:47 UTC 2026
// 重构日志: 5bb2aff3
// 重构日志: 571f53dd
// 重构日志: 3a2342d6
// 重构日志: 26c98149
// 重构日志: 54bd08e1
// 同步 ID: 1924f9f5 @ Thu Jul 30 04:46:39 UTC 2026
// 同步 ID: 5bea08b3 @ Fri Jul 31 12:44:10 UTC 2026
// 重构日志: 21def5dd
// 同步 ID: 422f076f @ Sat Aug  1 01:22:35 UTC 2026
// 重构日志: aa58774c
// 同步 ID: 0c990f71 @ Sat Aug  1 08:08:00 UTC 2026
// 重构日志: d6f9d4a0
// 重构日志: 48604848
// 重构日志: 6298b6fe
// 重构日志: b01d50b0
// 重构日志: aa08f112
// 重构日志: 411eb993
// 重构日志: 236a035e
// 同步 ID: e5bac26a @ Mon Aug  3 04:39:50 UTC 2026
// 同步 ID: e1c270f9 @ Mon Aug  3 12:14:16 UTC 2026
// 同步 ID: f24bb146 @ Mon Aug  3 15:26:40 UTC 2026
// 重构日志: 62d2cb22
// 同步 ID: cc3d7eb6 @ Wed Aug  5 07:24:31 UTC 2026
// 重构日志: b21b13c6
